SEQUENCE_ID=Medicago Lyk3 mRNA INTRON_OVERLAP error big
SEQUENCE_TEMPLATE=cttgattcaatgaatctcaaaaatggattactattgttcattctgtttctggattgtgtttttttcaaagttgaatccaaatgtgtaaaagggtgtgatgtagctttagcttcctactatattataccatcaattcaactcagaaatatatcaaactttatgcaatcaaagattgttcttaccaattcctttgatgttataatgagctacaatagagacgtagtattcgataaatctggtcttatttcctatactagaatcaacgttccgttcccatgtgaatgtattggaggtgaatttctaggacatgtgtttgaatatacaacaaaagaaggagacgattatgatttaattgcaaatacttattacgcaagtttgacaactgttgagttattgaaaaagttcaacagctatgatccaaatcatatacctgttaaggctaagattaatgtcactgtaatttgttcatgtgggaatagccagatttcaaaagattatggcttgtttgttacctatccactcaggtctgatgatactcttgcgaaaattgcgaccaaagctggtcttgatgaagggttgatacaaaatttcaatcaagatgccaatttcagcataggaagtgggatagtgttcattccaggaagagatcaaaatggacatttttttcctttgtattctagaacaggtattgctaagggttcagctgttggtatagctatggcaggaatatttggacttctattatttgttatctatatatatgccaaatacttccaaaagaaggaagaagagaaaactaaacttccacaaacttctagggcattttcaactcaagatgcctcaggtagtgcagaatatgaaacttcaggatccagtgggcatgctactggtagtgctgccggccttacaggcattatggtggcaaagtcgacagagtttacgtatcaagaattagccaaggcgacaaataatttcagcttggataataaaattggtcaaggtggatttggagctgtctattatgcagaacttagaggcgagaaaacagcaattaagaagatggatgtacaagcatcgtccgaatttctctgtgagttgaaggtcttaacacatgttcatcacttgaatctggtgcggttgattggatattgcgttgaagggtcacttttcctcgtatatgaacatattgacaatggaaacttgggtcaatatttacatggtataggtacagaaccattaccatggtctagtagagtgcagattgctctagattcagccagaggcctagaatacattcatgaacacactgtgcctgtttatatccatcgcgacgtaaaatcagcaaatatattgatagacaaaaatttgcgtggaaaggttgctgattttggcttgaccaaacttattgaagttggaaactcgacacttcacactcgtcttgtgggaacatttggatacatgccaccagaatatgctcaatatggcgatgtttctccaaaaatagatgtatatgcttttggcgttgttctttatgaacttattactgcaaagaatgctgtcctgaagacaggtgaatctgttgcagaatcaaagggtcttgtacaattgtttgaagaagcacttcatcgaatggatcctttagaaggtcttcgaaaattggtggatcctaggcttaaagaaaactatcccattgattctgttctcaagatggctcaacttgggagagcatgtacgagagacaatccgctactacgcccaagcatgagatctatagttgttgctcttatgacactttcatcaccaactgaagattgtgatgatgactcttcatatgaaaatcaatctctcataaatctgttgtcaactagatgaagattttgtgtgacaaattgaattgtgtttgttaaaacatgtagaaagcatacaacaaatggtttgtactttacttgtatatgaaatattgcagttggagagtttttacttttcttacctcaattatccatcttgaacattgttttgtatgtggcaagagttcaaacactggtgtactcattgaaaagttatggtgagaaaatcactgatcagatgat
PRIMER_TASK=pick_detection_primers
PRIMER_PICK_RIGHT_PRIMER=1
PRIMER_PICK_INTERNAL_OLIGO=0
PRIMER_PICK_LEFT_PRIMER=1
PRIMER_FIRST_BASE_INDEX=1
PRIMER_POS_OVERLAP_TO_END_DIST=14
PRIMER_MAX_SIZE=27
PRIMER_ERROR=PRIMER_POS_OVERLAP_TO_END_DIST > PRIMER_MAX_SIZE / 2
=
