SEQUENCE_ID=min_opt_tm_int
SEQUENCE_TEMPLATE=TAGCTGATGCTAGCTAGCGTGGGCATGCTAGCTAGCTGATGCAGCTAGCTGATCGTAGCTAGCTATCGATCGTAGCTGACTGATCGTAGCTAGCTGATCGATGCTAGCTAGCTAGCTGATCATCTACGTAGCTGACTATCGATGCTACTACTATCGATCGTAGCTAGCTGATCGTAGCTAGCTAGCTGATGCTAC
PRIMER_INTERNAL_MAX_TM=65
PRIMER_INTERNAL_OPT_TM=60
PRIMER_INTERNAL_MIN_TM=62
PRIMER_ERROR=Illegal values for PRIMER_INTERNAL_OLIGO_TM
=
