PRIMER_SEQUENCE_ID=seq1
SEQUENCE=ATGCTAGCTAGTCGATCGATGCTAGCTAGTCGATCTACTATCATCATGCTAGCATGGGGCATCTGTGGGATGCTGTCGTACTGATCGATGCTAGCTAGCTAGTCGATCGTAGCTATCATCATCTAGTCATCGTAGCTATCATCGTAGC
PRIMER_MISPRIMING_LIBRARY=repeat_lib4
PRIMER_ERROR=Empty sequence in mispriming library repeat_lib4
=
