PRIMER_SEQUENCE_ID=zero min size
SEQUENCE=aaaaaaaaaaaaaaaaaaaaaaaaaaaaaaaaaaaaaaaaaaaaaaaaaaaaaaaaaaaaa
PRIMER_MIN_SIZE=0
PRIMER_ERROR=PRIMER_MIN_SIZE must be >= 1
=
